// Jest Snapshot v1, https://goo.gl/fbAQLP

exports[`renders learn react link 1`] = `
[
  <h1>
    NewsUrdu
  </h1>,
  <h3>
    Headlines
  </h3>,
]
`;
